// Jest Snapshot v1, https://goo.gl/fbAQLP

exports[`Images API Can not upload a file without extension 1: [body] 1`] = `
Object {
  "errors": Array [
    Object {
      "code": null,
      "context": null,
      "details": null,
      "ghostErrorCode": null,
      "help": null,
      "id": StringMatching /\\[a-f0-9\\]\\{8\\}-\\[a-f0-9\\]\\{4\\}-\\[a-f0-9\\]\\{4\\}-\\[a-f0-9\\]\\{4\\}-\\[a-f0-9\\]\\{12\\}/,
      "message": "Please select a valid image.",
      "property": null,
      "type": "UnsupportedMediaTypeError",
    },
  ],
}
`;

exports[`Images API Can not upload a json file 1: [body] 1`] = `
Object {
  "errors": Array [
    Object {
      "code": null,
      "context": null,
      "details": null,
      "ghostErrorCode": null,
      "help": null,
      "id": StringMatching /\\[a-f0-9\\]\\{8\\}-\\[a-f0-9\\]\\{4\\}-\\[a-f0-9\\]\\{4\\}-\\[a-f0-9\\]\\{4\\}-\\[a-f0-9\\]\\{12\\}/,
      "message": "Please select a valid image.",
      "property": null,
      "type": "UnsupportedMediaTypeError",
    },
  ],
}
`;

exports[`Images API Can not upload a json file with image file extension 1: [body] 1`] = `
Object {
  "errors": Array [
    Object {
      "code": null,
      "context": null,
      "details": null,
      "ghostErrorCode": null,
      "help": null,
      "id": StringMatching /\\[a-f0-9\\]\\{8\\}-\\[a-f0-9\\]\\{4\\}-\\[a-f0-9\\]\\{4\\}-\\[a-f0-9\\]\\{4\\}-\\[a-f0-9\\]\\{12\\}/,
      "message": "Please select a valid image.",
      "property": null,
      "type": "UnsupportedMediaTypeError",
    },
  ],
}
`;

exports[`Images API Can not upload a json file with image mime type 1: [body] 1`] = `
Object {
  "errors": Array [
    Object {
      "code": null,
      "context": null,
      "details": null,
      "ghostErrorCode": null,
      "help": null,
      "id": StringMatching /\\[a-f0-9\\]\\{8\\}-\\[a-f0-9\\]\\{4\\}-\\[a-f0-9\\]\\{4\\}-\\[a-f0-9\\]\\{4\\}-\\[a-f0-9\\]\\{12\\}/,
      "message": "Please select a valid image.",
      "property": null,
      "type": "UnsupportedMediaTypeError",
    },
  ],
}
`;
