// Jest Snapshot v1, https://goo.gl/fbAQLP

exports[`Comments API when authenticated can get member data 1: [body] 1`] = `
Object {
  "avatar_image": null,
  "email": "member@example.com",
  "email_suppression": Object {
    "info": null,
    "suppressed": false,
  },
  "enable_comment_notifications": true,
  "expertise": null,
  "firstname": null,
  "name": null,
  "newsletters": Array [
    Object {
      "description": null,
      "id": StringMatching /\\[a-f0-9\\]\\{24\\}/,
      "name": "Default Newsletter",
      "sort_order": 0,
    },
    Object {
      "description": null,
      "id": StringMatching /\\[a-f0-9\\]\\{24\\}/,
      "name": "Weekly newsletter",
      "sort_order": 2,
    },
  ],
  "paid": false,
  "subscribed": false,
  "subscriptions": Array [],
  "uuid": StringMatching /\\[a-f0-9\\]\\{8\\}-\\[a-f0-9\\]\\{4\\}-\\[a-f0-9\\]\\{4\\}-\\[a-f0-9\\]\\{4\\}-\\[a-f0-9\\]\\{12\\}/,
}
`;

exports[`Comments API when authenticated can get member data 2: [headers] 1`] = `
Object {
  "access-control-allow-origin": "*",
  "cache-control": "no-cache, private, no-store, must-revalidate, max-stale=0, post-check=0, pre-check=0",
  "content-length": "489",
  "content-type": "application/json; charset=utf-8",
  "etag": StringMatching /\\(\\?:W\\\\/\\)\\?"\\(\\?:\\[ !#-\\\\x7E\\\\x80-\\\\xFF\\]\\*\\|\\\\r\\\\n\\[\\\\t \\]\\|\\\\\\\\\\.\\)\\*"/,
  "vary": "Accept-Encoding",
  "x-powered-by": "Express",
}
`;

exports[`Comments API when authenticated can remove member from suppression list and resubscribe to default newsletters 1: [body] 1`] = `
Object {
  "avatar_image": null,
  "email": "member@example.com",
  "email_suppression": Object {
    "info": null,
    "suppressed": false,
  },
  "enable_comment_notifications": true,
  "expertise": "test",
  "firstname": "Test",
  "name": "Test User",
  "newsletters": Array [],
  "paid": false,
  "subscribed": false,
  "subscriptions": Array [],
  "uuid": StringMatching /\\[a-f0-9\\]\\{8\\}-\\[a-f0-9\\]\\{4\\}-\\[a-f0-9\\]\\{4\\}-\\[a-f0-9\\]\\{4\\}-\\[a-f0-9\\]\\{12\\}/,
}
`;

exports[`Comments API when authenticated can remove member from suppression list and resubscribe to default newsletters 2: [headers] 1`] = `
Object {
  "access-control-allow-origin": "*",
  "cache-control": "no-cache, private, no-store, must-revalidate, max-stale=0, post-check=0, pre-check=0",
  "content-length": "310",
  "content-type": "application/json; charset=utf-8",
  "etag": StringMatching /\\(\\?:W\\\\/\\)\\?"\\(\\?:\\[ !#-\\\\x7E\\\\x80-\\\\xFF\\]\\*\\|\\\\r\\\\n\\[\\\\t \\]\\|\\\\\\\\\\.\\)\\*"/,
  "vary": "Accept-Encoding",
  "x-powered-by": "Express",
}
`;

exports[`Comments API when authenticated can remove member from suppression list and resubscribe to default newsletters 3: [body] 1`] = `
Object {
  "avatar_image": null,
  "email": "member@example.com",
  "email_suppression": Object {
    "info": null,
    "suppressed": false,
  },
  "enable_comment_notifications": true,
  "expertise": "test",
  "firstname": "Test",
  "name": "Test User",
  "newsletters": Array [
    Object {
      "description": null,
      "id": StringMatching /\\[a-f0-9\\]\\{24\\}/,
      "name": "Default Newsletter",
      "sort_order": 0,
    },
    Object {
      "description": null,
      "id": StringMatching /\\[a-f0-9\\]\\{24\\}/,
      "name": "Weekly newsletter",
      "sort_order": 2,
    },
  ],
  "paid": false,
  "subscribed": false,
  "subscriptions": Array [],
  "uuid": StringMatching /\\[a-f0-9\\]\\{8\\}-\\[a-f0-9\\]\\{4\\}-\\[a-f0-9\\]\\{4\\}-\\[a-f0-9\\]\\{4\\}-\\[a-f0-9\\]\\{12\\}/,
}
`;

exports[`Comments API when authenticated can remove member from suppression list and resubscribe to default newsletters 4: [headers] 1`] = `
Object {
  "access-control-allow-origin": "*",
  "cache-control": "no-cache, private, no-store, must-revalidate, max-stale=0, post-check=0, pre-check=0",
  "content-length": "500",
  "content-type": "application/json; charset=utf-8",
  "etag": StringMatching /\\(\\?:W\\\\/\\)\\?"\\(\\?:\\[ !#-\\\\x7E\\\\x80-\\\\xFF\\]\\*\\|\\\\r\\\\n\\[\\\\t \\]\\|\\\\\\\\\\.\\)\\*"/,
  "vary": "Accept-Encoding",
  "x-powered-by": "Express",
}
`;

exports[`Comments API when authenticated can update comment notifications 1: [body] 1`] = `
Object {
  "avatar_image": null,
  "email": "member@example.com",
  "email_suppression": Object {
    "info": null,
    "suppressed": false,
  },
  "enable_comment_notifications": false,
  "expertise": "test",
  "firstname": "Test",
  "name": "Test User",
  "newsletters": Array [
    Object {
      "description": null,
      "id": StringMatching /\\[a-f0-9\\]\\{24\\}/,
      "name": "Default Newsletter",
      "sort_order": 0,
    },
    Object {
      "description": null,
      "id": StringMatching /\\[a-f0-9\\]\\{24\\}/,
      "name": "Weekly newsletter",
      "sort_order": 2,
    },
  ],
  "paid": false,
  "subscribed": false,
  "subscriptions": Array [],
  "uuid": StringMatching /\\[a-f0-9\\]\\{8\\}-\\[a-f0-9\\]\\{4\\}-\\[a-f0-9\\]\\{4\\}-\\[a-f0-9\\]\\{4\\}-\\[a-f0-9\\]\\{12\\}/,
}
`;

exports[`Comments API when authenticated can update comment notifications 2: [headers] 1`] = `
Object {
  "access-control-allow-origin": "*",
  "cache-control": "no-cache, private, no-store, must-revalidate, max-stale=0, post-check=0, pre-check=0",
  "content-length": "501",
  "content-type": "application/json; charset=utf-8",
  "etag": StringMatching /\\(\\?:W\\\\/\\)\\?"\\(\\?:\\[ !#-\\\\x7E\\\\x80-\\\\xFF\\]\\*\\|\\\\r\\\\n\\[\\\\t \\]\\|\\\\\\\\\\.\\)\\*"/,
  "vary": "Accept-Encoding",
  "x-powered-by": "Express",
}
`;

exports[`Comments API when authenticated can update comment notifications 3: [body] 1`] = `
Object {
  "email": "member@example.com",
  "enable_comment_notifications": true,
  "name": "Test User",
  "newsletters": Array [
    Object {
      "body_font_category": "sans_serif",
      "created_at": StringMatching /\\\\d\\{4\\}-\\\\d\\{2\\}-\\\\d\\{2\\}T\\\\d\\{2\\}:\\\\d\\{2\\}:\\\\d\\{2\\}\\\\\\.000Z/,
      "description": null,
      "feedback_enabled": false,
      "footer_content": null,
      "header_image": null,
      "id": StringMatching /\\[a-f0-9\\]\\{24\\}/,
      "name": "Default Newsletter",
      "sender_email": null,
      "sender_name": null,
      "sender_reply_to": "newsletter",
      "show_badge": true,
      "show_feature_image": true,
      "show_header_icon": true,
      "show_header_name": true,
      "show_header_title": true,
      "slug": "default-newsletter",
      "sort_order": 0,
      "status": "active",
      "subscribe_on_signup": true,
      "title_alignment": "center",
      "title_font_category": "sans_serif",
      "updated_at": StringMatching /\\\\d\\{4\\}-\\\\d\\{2\\}-\\\\d\\{2\\}T\\\\d\\{2\\}:\\\\d\\{2\\}:\\\\d\\{2\\}\\\\\\.000Z/,
      "uuid": StringMatching /\\[a-f0-9\\]\\{8\\}-\\[a-f0-9\\]\\{4\\}-\\[a-f0-9\\]\\{4\\}-\\[a-f0-9\\]\\{4\\}-\\[a-f0-9\\]\\{12\\}/,
      "visibility": "members",
    },
    Object {
      "body_font_category": "serif",
      "created_at": StringMatching /\\\\d\\{4\\}-\\\\d\\{2\\}-\\\\d\\{2\\}T\\\\d\\{2\\}:\\\\d\\{2\\}:\\\\d\\{2\\}\\\\\\.000Z/,
      "description": null,
      "feedback_enabled": false,
      "footer_content": null,
      "header_image": "http://127.0.0.1:2369/content/images/2022/05/test.jpg",
      "id": StringMatching /\\[a-f0-9\\]\\{24\\}/,
      "name": "Weekly newsletter",
      "sender_email": "jamie@example.com",
      "sender_name": "Jamie",
      "sender_reply_to": "newsletter",
      "show_badge": true,
      "show_feature_image": true,
      "show_header_icon": true,
      "show_header_name": true,
      "show_header_title": true,
      "slug": "weekly-newsletter",
      "sort_order": 2,
      "status": "active",
      "subscribe_on_signup": true,
      "title_alignment": "center",
      "title_font_category": "serif",
      "updated_at": StringMatching /\\\\d\\{4\\}-\\\\d\\{2\\}-\\\\d\\{2\\}T\\\\d\\{2\\}:\\\\d\\{2\\}:\\\\d\\{2\\}\\\\\\.000Z/,
      "uuid": StringMatching /\\[a-f0-9\\]\\{8\\}-\\[a-f0-9\\]\\{4\\}-\\[a-f0-9\\]\\{4\\}-\\[a-f0-9\\]\\{4\\}-\\[a-f0-9\\]\\{12\\}/,
      "visibility": "members",
    },
  ],
  "status": "free",
  "uuid": StringMatching /\\[a-f0-9\\]\\{8\\}-\\[a-f0-9\\]\\{4\\}-\\[a-f0-9\\]\\{4\\}-\\[a-f0-9\\]\\{4\\}-\\[a-f0-9\\]\\{12\\}/,
}
`;

exports[`Comments API when authenticated can update comment notifications 4: [headers] 1`] = `
Object {
  "access-control-allow-origin": "*",
  "cache-control": "no-cache, private, no-store, must-revalidate, max-stale=0, post-check=0, pre-check=0",
  "content-length": "1556",
  "content-type": "application/json; charset=utf-8",
  "etag": StringMatching /\\(\\?:W\\\\/\\)\\?"\\(\\?:\\[ !#-\\\\x7E\\\\x80-\\\\xFF\\]\\*\\|\\\\r\\\\n\\[\\\\t \\]\\|\\\\\\\\\\.\\)\\*"/,
  "vary": "Accept-Encoding",
  "x-powered-by": "Express",
}
`;

exports[`Comments API when authenticated can update member bio 1: [body] 1`] = `
Object {
  "avatar_image": null,
  "bio": "Head of Testing",
  "email": "member@example.com",
  "enable_comment_notifications": true,
  "firstname": null,
  "name": null,
  "newsletters": Array [
    Object {
      "description": null,
      "id": StringMatching /\\[a-f0-9\\]\\{24\\}/,
      "name": "Default Newsletter",
      "sort_order": 0,
    },
    Object {
      "description": null,
      "id": StringMatching /\\[a-f0-9\\]\\{24\\}/,
      "name": "Weekly newsletter",
      "sort_order": 2,
    },
  ],
  "paid": false,
  "subscribed": false,
  "subscriptions": Array [],
  "uuid": StringMatching /\\[a-f0-9\\]\\{8\\}-\\[a-f0-9\\]\\{4\\}-\\[a-f0-9\\]\\{4\\}-\\[a-f0-9\\]\\{4\\}-\\[a-f0-9\\]\\{12\\}/,
}
`;

exports[`Comments API when authenticated can update member bio 2: [headers] 1`] = `
Object {
  "access-control-allow-origin": "*",
  "cache-control": "no-cache, private, no-store, must-revalidate, max-stale=0, post-check=0, pre-check=0",
  "content-length": "443",
  "content-type": "application/json; charset=utf-8",
  "etag": StringMatching /\\(\\?:W\\\\/\\)\\?"\\(\\?:\\[ !#-\\\\x7E\\\\x80-\\\\xFF\\]\\*\\|\\\\r\\\\n\\[\\\\t \\]\\|\\\\\\\\\\.\\)\\*"/,
  "vary": "Accept-Encoding",
  "x-powered-by": "Express",
}
`;

exports[`Comments API when authenticated can update member expertise 1: [body] 1`] = `
Object {
  "avatar_image": null,
  "email": "member@example.com",
  "email_suppression": Object {
    "info": null,
    "suppressed": false,
  },
  "enable_comment_notifications": true,
  "expertise": "Head of Testing",
  "firstname": null,
  "name": null,
  "newsletters": Array [
    Object {
      "description": null,
      "id": StringMatching /\\[a-f0-9\\]\\{24\\}/,
      "name": "Default Newsletter",
      "sort_order": 0,
    },
    Object {
      "description": null,
      "id": StringMatching /\\[a-f0-9\\]\\{24\\}/,
      "name": "Weekly newsletter",
      "sort_order": 2,
    },
  ],
  "paid": false,
  "subscribed": false,
  "subscriptions": Array [],
  "uuid": StringMatching /\\[a-f0-9\\]\\{8\\}-\\[a-f0-9\\]\\{4\\}-\\[a-f0-9\\]\\{4\\}-\\[a-f0-9\\]\\{4\\}-\\[a-f0-9\\]\\{12\\}/,
}
`;

exports[`Comments API when authenticated can update member expertise 2: [headers] 1`] = `
Object {
  "access-control-allow-origin": "*",
  "cache-control": "no-cache, private, no-store, must-revalidate, max-stale=0, post-check=0, pre-check=0",
  "content-length": "502",
  "content-type": "application/json; charset=utf-8",
  "etag": StringMatching /\\(\\?:W\\\\/\\)\\?"\\(\\?:\\[ !#-\\\\x7E\\\\x80-\\\\xFF\\]\\*\\|\\\\r\\\\n\\[\\\\t \\]\\|\\\\\\\\\\.\\)\\*"/,
  "vary": "Accept-Encoding",
  "x-powered-by": "Express",
}
`;

exports[`Comments API when authenticated can update name 1: [body] 1`] = `
Object {
  "avatar_image": null,
  "email": "member@example.com",
  "email_suppression": Object {
    "info": null,
    "suppressed": false,
  },
  "enable_comment_notifications": true,
  "expertise": "test",
  "firstname": "Test",
  "name": "Test User",
  "newsletters": Array [
    Object {
      "description": null,
      "id": StringMatching /\\[a-f0-9\\]\\{24\\}/,
      "name": "Default Newsletter",
      "sort_order": 0,
    },
    Object {
      "description": null,
      "id": StringMatching /\\[a-f0-9\\]\\{24\\}/,
      "name": "Weekly newsletter",
      "sort_order": 2,
    },
  ],
  "paid": false,
  "subscribed": false,
  "subscriptions": Array [],
  "uuid": StringMatching /\\[a-f0-9\\]\\{8\\}-\\[a-f0-9\\]\\{4\\}-\\[a-f0-9\\]\\{4\\}-\\[a-f0-9\\]\\{4\\}-\\[a-f0-9\\]\\{12\\}/,
}
`;

exports[`Comments API when authenticated can update name 2: [headers] 1`] = `
Object {
  "access-control-allow-origin": "*",
  "cache-control": "no-cache, private, no-store, must-revalidate, max-stale=0, post-check=0, pre-check=0",
  "content-length": "500",
  "content-type": "application/json; charset=utf-8",
  "etag": StringMatching /\\(\\?:W\\\\/\\)\\?"\\(\\?:\\[ !#-\\\\x7E\\\\x80-\\\\xFF\\]\\*\\|\\\\r\\\\n\\[\\\\t \\]\\|\\\\\\\\\\.\\)\\*"/,
  "vary": "Accept-Encoding",
  "x-powered-by": "Express",
}
`;

exports[`Comments API when authenticated trims whitespace from bio 1: [body] 1`] = `
Object {
  "avatar_image": null,
  "bio": "test",
  "email": "member@example.com",
  "enable_comment_notifications": true,
  "firstname": null,
  "name": null,
  "newsletters": Array [
    Object {
      "description": null,
      "id": StringMatching /\\[a-f0-9\\]\\{24\\}/,
      "name": "Default Newsletter",
      "sort_order": 0,
    },
    Object {
      "description": null,
      "id": StringMatching /\\[a-f0-9\\]\\{24\\}/,
      "name": "Weekly newsletter",
      "sort_order": 2,
    },
  ],
  "paid": false,
  "subscribed": false,
  "subscriptions": Array [],
  "uuid": StringMatching /\\[a-f0-9\\]\\{8\\}-\\[a-f0-9\\]\\{4\\}-\\[a-f0-9\\]\\{4\\}-\\[a-f0-9\\]\\{4\\}-\\[a-f0-9\\]\\{12\\}/,
}
`;

exports[`Comments API when authenticated trims whitespace from bio 2: [headers] 1`] = `
Object {
  "access-control-allow-origin": "*",
  "cache-control": "no-cache, private, no-store, must-revalidate, max-stale=0, post-check=0, pre-check=0",
  "content-length": "432",
  "content-type": "application/json; charset=utf-8",
  "etag": StringMatching /\\(\\?:W\\\\/\\)\\?"\\(\\?:\\[ !#-\\\\x7E\\\\x80-\\\\xFF\\]\\*\\|\\\\r\\\\n\\[\\\\t \\]\\|\\\\\\\\\\.\\)\\*"/,
  "vary": "Accept-Encoding",
  "x-powered-by": "Express",
}
`;

exports[`Comments API when authenticated trims whitespace from expertise 1: [body] 1`] = `
Object {
  "avatar_image": null,
  "email": "member@example.com",
  "email_suppression": Object {
    "info": null,
    "suppressed": false,
  },
  "enable_comment_notifications": true,
  "expertise": "test",
  "firstname": null,
  "name": null,
  "newsletters": Array [
    Object {
      "description": null,
      "id": StringMatching /\\[a-f0-9\\]\\{24\\}/,
      "name": "Default Newsletter",
      "sort_order": 0,
    },
    Object {
      "description": null,
      "id": StringMatching /\\[a-f0-9\\]\\{24\\}/,
      "name": "Weekly newsletter",
      "sort_order": 2,
    },
  ],
  "paid": false,
  "subscribed": false,
  "subscriptions": Array [],
  "uuid": StringMatching /\\[a-f0-9\\]\\{8\\}-\\[a-f0-9\\]\\{4\\}-\\[a-f0-9\\]\\{4\\}-\\[a-f0-9\\]\\{4\\}-\\[a-f0-9\\]\\{12\\}/,
}
`;

exports[`Comments API when authenticated trims whitespace from expertise 2: [headers] 1`] = `
Object {
  "access-control-allow-origin": "*",
  "cache-control": "no-cache, private, no-store, must-revalidate, max-stale=0, post-check=0, pre-check=0",
  "content-length": "491",
  "content-type": "application/json; charset=utf-8",
  "etag": StringMatching /\\(\\?:W\\\\/\\)\\?"\\(\\?:\\[ !#-\\\\x7E\\\\x80-\\\\xFF\\]\\*\\|\\\\r\\\\n\\[\\\\t \\]\\|\\\\\\\\\\.\\)\\*"/,
  "vary": "Accept-Encoding",
  "x-powered-by": "Express",
}
`;

exports[`Comments API when not authenticated but enabled can update comment notifications 1: [body] 1`] = `
Object {
  "email": "member1@test.com",
  "enable_comment_notifications": false,
  "name": "Mr Egg",
  "newsletters": Array [
    Object {
      "body_font_category": "serif",
      "created_at": StringMatching /\\\\d\\{4\\}-\\\\d\\{2\\}-\\\\d\\{2\\}T\\\\d\\{2\\}:\\\\d\\{2\\}:\\\\d\\{2\\}\\\\\\.000Z/,
      "description": null,
      "feedback_enabled": false,
      "footer_content": null,
      "header_image": "http://127.0.0.1:2369/content/images/2022/05/test.jpg",
      "id": StringMatching /\\[a-f0-9\\]\\{24\\}/,
      "name": "Daily newsletter",
      "sender_email": "jamie@example.com",
      "sender_name": "Jamie",
      "sender_reply_to": "newsletter",
      "show_badge": true,
      "show_feature_image": true,
      "show_header_icon": true,
      "show_header_name": true,
      "show_header_title": true,
      "slug": "daily-newsletter",
      "sort_order": 1,
      "status": "active",
      "subscribe_on_signup": false,
      "title_alignment": "center",
      "title_font_category": "serif",
      "updated_at": StringMatching /\\\\d\\{4\\}-\\\\d\\{2\\}-\\\\d\\{2\\}T\\\\d\\{2\\}:\\\\d\\{2\\}:\\\\d\\{2\\}\\\\\\.000Z/,
      "uuid": StringMatching /\\[a-f0-9\\]\\{8\\}-\\[a-f0-9\\]\\{4\\}-\\[a-f0-9\\]\\{4\\}-\\[a-f0-9\\]\\{4\\}-\\[a-f0-9\\]\\{12\\}/,
      "visibility": "members",
    },
  ],
  "status": "free",
  "uuid": StringMatching /\\[a-f0-9\\]\\{8\\}-\\[a-f0-9\\]\\{4\\}-\\[a-f0-9\\]\\{4\\}-\\[a-f0-9\\]\\{4\\}-\\[a-f0-9\\]\\{12\\}/,
}
`;

exports[`Comments API when not authenticated but enabled can update comment notifications 2: [headers] 1`] = `
Object {
  "access-control-allow-origin": "*",
  "cache-control": "no-cache, private, no-store, must-revalidate, max-stale=0, post-check=0, pre-check=0",
  "content-length": "883",
  "content-type": "application/json; charset=utf-8",
  "etag": StringMatching /\\(\\?:W\\\\/\\)\\?"\\(\\?:\\[ !#-\\\\x7E\\\\x80-\\\\xFF\\]\\*\\|\\\\r\\\\n\\[\\\\t \\]\\|\\\\\\\\\\.\\)\\*"/,
  "vary": "Accept-Encoding",
  "x-powered-by": "Express",
}
`;
