// Jest Snapshot v1, https://goo.gl/fbAQLP

exports[`Members API Member attribution Creates a SubscriptionCreatedEvent with author attribution 1: [body] 1`] = `
Object {
  "members": Array [
    Object {
      "attribution": Any<Object>,
      "avatar_image": null,
      "comped": false,
      "created_at": StringMatching /\\\\d\\{4\\}-\\\\d\\{2\\}-\\\\d\\{2\\}T\\\\d\\{2\\}:\\\\d\\{2\\}:\\\\d\\{2\\}\\\\\\.000Z/,
      "email": Any<String>,
      "email_count": 0,
      "email_open_rate": null,
      "email_opened_count": 0,
      "email_suppression": Object {
        "info": null,
        "suppressed": false,
      },
      "geolocation": null,
      "id": StringMatching /\\[a-f0-9\\]\\{24\\}/,
      "labels": Any<Array>,
      "last_seen_at": null,
      "name": null,
      "newsletters": Any<Array>,
      "note": null,
      "status": "paid",
      "subscribed": true,
      "subscriptions": Any<Array>,
      "tiers": Any<Array>,
      "updated_at": StringMatching /\\\\d\\{4\\}-\\\\d\\{2\\}-\\\\d\\{2\\}T\\\\d\\{2\\}:\\\\d\\{2\\}:\\\\d\\{2\\}\\\\\\.000Z/,
      "uuid": StringMatching /\\[a-f0-9\\]\\{8\\}-\\[a-f0-9\\]\\{4\\}-\\[a-f0-9\\]\\{4\\}-\\[a-f0-9\\]\\{4\\}-\\[a-f0-9\\]\\{12\\}/,
    },
  ],
}
`;

exports[`Members API Member attribution Creates a SubscriptionCreatedEvent with author attribution 2: [headers] 1`] = `
Object {
  "access-control-allow-origin": "http://127.0.0.1:2369",
  "cache-control": "no-cache, private, no-store, must-revalidate, max-stale=0, post-check=0, pre-check=0",
  "content-length": "3119",
  "content-type": "application/json; charset=utf-8",
  "content-version": StringMatching /v\\\\d\\+\\\\\\.\\\\d\\+/,
  "etag": StringMatching /\\(\\?:W\\\\/\\)\\?"\\(\\?:\\[ !#-\\\\x7E\\\\x80-\\\\xFF\\]\\*\\|\\\\r\\\\n\\[\\\\t \\]\\|\\\\\\\\\\.\\)\\*"/,
  "vary": "Accept-Version, Origin, Accept-Encoding",
  "x-powered-by": "Express",
}
`;

exports[`Members API Member attribution Creates a SubscriptionCreatedEvent with deleted post attribution 1: [body] 1`] = `
Object {
  "members": Array [
    Object {
      "attribution": Any<Object>,
      "avatar_image": null,
      "comped": false,
      "created_at": StringMatching /\\\\d\\{4\\}-\\\\d\\{2\\}-\\\\d\\{2\\}T\\\\d\\{2\\}:\\\\d\\{2\\}:\\\\d\\{2\\}\\\\\\.000Z/,
      "email": Any<String>,
      "email_count": 0,
      "email_open_rate": null,
      "email_opened_count": 0,
      "email_suppression": Object {
        "info": null,
        "suppressed": false,
      },
      "geolocation": null,
      "id": StringMatching /\\[a-f0-9\\]\\{24\\}/,
      "labels": Any<Array>,
      "last_seen_at": null,
      "name": null,
      "newsletters": Any<Array>,
      "note": null,
      "status": "paid",
      "subscribed": true,
      "subscriptions": Any<Array>,
      "tiers": Any<Array>,
      "updated_at": StringMatching /\\\\d\\{4\\}-\\\\d\\{2\\}-\\\\d\\{2\\}T\\\\d\\{2\\}:\\\\d\\{2\\}:\\\\d\\{2\\}\\\\\\.000Z/,
      "uuid": StringMatching /\\[a-f0-9\\]\\{8\\}-\\[a-f0-9\\]\\{4\\}-\\[a-f0-9\\]\\{4\\}-\\[a-f0-9\\]\\{4\\}-\\[a-f0-9\\]\\{12\\}/,
    },
  ],
}
`;

exports[`Members API Member attribution Creates a SubscriptionCreatedEvent with deleted post attribution 2: [headers] 1`] = `
Object {
  "access-control-allow-origin": "http://127.0.0.1:2369",
  "cache-control": "no-cache, private, no-store, must-revalidate, max-stale=0, post-check=0, pre-check=0",
  "content-length": "3133",
  "content-type": "application/json; charset=utf-8",
  "content-version": StringMatching /v\\\\d\\+\\\\\\.\\\\d\\+/,
  "etag": StringMatching /\\(\\?:W\\\\/\\)\\?"\\(\\?:\\[ !#-\\\\x7E\\\\x80-\\\\xFF\\]\\*\\|\\\\r\\\\n\\[\\\\t \\]\\|\\\\\\\\\\.\\)\\*"/,
  "vary": "Accept-Version, Origin, Accept-Encoding",
  "x-powered-by": "Express",
}
`;

exports[`Members API Member attribution Creates a SubscriptionCreatedEvent with empty attribution object 1: [body] 1`] = `
Object {
  "members": Array [
    Object {
      "attribution": Any<Object>,
      "avatar_image": null,
      "comped": false,
      "created_at": StringMatching /\\\\d\\{4\\}-\\\\d\\{2\\}-\\\\d\\{2\\}T\\\\d\\{2\\}:\\\\d\\{2\\}:\\\\d\\{2\\}\\\\\\.000Z/,
      "email": Any<String>,
      "email_count": 0,
      "email_open_rate": null,
      "email_opened_count": 0,
      "email_suppression": Object {
        "info": null,
        "suppressed": false,
      },
      "geolocation": null,
      "id": StringMatching /\\[a-f0-9\\]\\{24\\}/,
      "labels": Any<Array>,
      "last_seen_at": null,
      "name": null,
      "newsletters": Any<Array>,
      "note": null,
      "status": "paid",
      "subscribed": true,
      "subscriptions": Any<Array>,
      "tiers": Any<Array>,
      "updated_at": StringMatching /\\\\d\\{4\\}-\\\\d\\{2\\}-\\\\d\\{2\\}T\\\\d\\{2\\}:\\\\d\\{2\\}:\\\\d\\{2\\}\\\\\\.000Z/,
      "uuid": StringMatching /\\[a-f0-9\\]\\{8\\}-\\[a-f0-9\\]\\{4\\}-\\[a-f0-9\\]\\{4\\}-\\[a-f0-9\\]\\{4\\}-\\[a-f0-9\\]\\{12\\}/,
    },
  ],
}
`;

exports[`Members API Member attribution Creates a SubscriptionCreatedEvent with empty attribution object 2: [headers] 1`] = `
Object {
  "access-control-allow-origin": "http://127.0.0.1:2369",
  "cache-control": "no-cache, private, no-store, must-revalidate, max-stale=0, post-check=0, pre-check=0",
  "content-length": "3023",
  "content-type": "application/json; charset=utf-8",
  "content-version": StringMatching /v\\\\d\\+\\\\\\.\\\\d\\+/,
  "etag": StringMatching /\\(\\?:W\\\\/\\)\\?"\\(\\?:\\[ !#-\\\\x7E\\\\x80-\\\\xFF\\]\\*\\|\\\\r\\\\n\\[\\\\t \\]\\|\\\\\\\\\\.\\)\\*"/,
  "vary": "Accept-Version, Origin, Accept-Encoding",
  "x-powered-by": "Express",
}
`;

exports[`Members API Member attribution Creates a SubscriptionCreatedEvent with page attribution 1: [body] 1`] = `
Object {
  "members": Array [
    Object {
      "attribution": Any<Object>,
      "avatar_image": null,
      "comped": false,
      "created_at": StringMatching /\\\\d\\{4\\}-\\\\d\\{2\\}-\\\\d\\{2\\}T\\\\d\\{2\\}:\\\\d\\{2\\}:\\\\d\\{2\\}\\\\\\.000Z/,
      "email": Any<String>,
      "email_count": 0,
      "email_open_rate": null,
      "email_opened_count": 0,
      "email_suppression": Object {
        "info": null,
        "suppressed": false,
      },
      "geolocation": null,
      "id": StringMatching /\\[a-f0-9\\]\\{24\\}/,
      "labels": Any<Array>,
      "last_seen_at": null,
      "name": null,
      "newsletters": Any<Array>,
      "note": null,
      "status": "paid",
      "subscribed": true,
      "subscriptions": Any<Array>,
      "tiers": Any<Array>,
      "updated_at": StringMatching /\\\\d\\{4\\}-\\\\d\\{2\\}-\\\\d\\{2\\}T\\\\d\\{2\\}:\\\\d\\{2\\}:\\\\d\\{2\\}\\\\\\.000Z/,
      "uuid": StringMatching /\\[a-f0-9\\]\\{8\\}-\\[a-f0-9\\]\\{4\\}-\\[a-f0-9\\]\\{4\\}-\\[a-f0-9\\]\\{4\\}-\\[a-f0-9\\]\\{12\\}/,
    },
  ],
}
`;

exports[`Members API Member attribution Creates a SubscriptionCreatedEvent with page attribution 2: [headers] 1`] = `
Object {
  "access-control-allow-origin": "http://127.0.0.1:2369",
  "cache-control": "no-cache, private, no-store, must-revalidate, max-stale=0, post-check=0, pre-check=0",
  "content-length": "3181",
  "content-type": "application/json; charset=utf-8",
  "content-version": StringMatching /v\\\\d\\+\\\\\\.\\\\d\\+/,
  "etag": StringMatching /\\(\\?:W\\\\/\\)\\?"\\(\\?:\\[ !#-\\\\x7E\\\\x80-\\\\xFF\\]\\*\\|\\\\r\\\\n\\[\\\\t \\]\\|\\\\\\\\\\.\\)\\*"/,
  "vary": "Accept-Version, Origin, Accept-Encoding",
  "x-powered-by": "Express",
}
`;

exports[`Members API Member attribution Creates a SubscriptionCreatedEvent with post attribution 1: [body] 1`] = `
Object {
  "members": Array [
    Object {
      "attribution": Any<Object>,
      "avatar_image": null,
      "comped": false,
      "created_at": StringMatching /\\\\d\\{4\\}-\\\\d\\{2\\}-\\\\d\\{2\\}T\\\\d\\{2\\}:\\\\d\\{2\\}:\\\\d\\{2\\}\\\\\\.000Z/,
      "email": Any<String>,
      "email_count": 0,
      "email_open_rate": null,
      "email_opened_count": 0,
      "email_suppression": Object {
        "info": null,
        "suppressed": false,
      },
      "geolocation": null,
      "id": StringMatching /\\[a-f0-9\\]\\{24\\}/,
      "labels": Any<Array>,
      "last_seen_at": null,
      "name": null,
      "newsletters": Any<Array>,
      "note": null,
      "status": "paid",
      "subscribed": true,
      "subscriptions": Any<Array>,
      "tiers": Any<Array>,
      "updated_at": StringMatching /\\\\d\\{4\\}-\\\\d\\{2\\}-\\\\d\\{2\\}T\\\\d\\{2\\}:\\\\d\\{2\\}:\\\\d\\{2\\}\\\\\\.000Z/,
      "uuid": StringMatching /\\[a-f0-9\\]\\{8\\}-\\[a-f0-9\\]\\{4\\}-\\[a-f0-9\\]\\{4\\}-\\[a-f0-9\\]\\{4\\}-\\[a-f0-9\\]\\{12\\}/,
    },
  ],
}
`;

exports[`Members API Member attribution Creates a SubscriptionCreatedEvent with post attribution 2: [headers] 1`] = `
Object {
  "access-control-allow-origin": "http://127.0.0.1:2369",
  "cache-control": "no-cache, private, no-store, must-revalidate, max-stale=0, post-check=0, pre-check=0",
  "content-length": "3147",
  "content-type": "application/json; charset=utf-8",
  "content-version": StringMatching /v\\\\d\\+\\\\\\.\\\\d\\+/,
  "etag": StringMatching /\\(\\?:W\\\\/\\)\\?"\\(\\?:\\[ !#-\\\\x7E\\\\x80-\\\\xFF\\]\\*\\|\\\\r\\\\n\\[\\\\t \\]\\|\\\\\\\\\\.\\)\\*"/,
  "vary": "Accept-Version, Origin, Accept-Encoding",
  "x-powered-by": "Express",
}
`;

exports[`Members API Member attribution Creates a SubscriptionCreatedEvent with tag attribution 1: [body] 1`] = `
Object {
  "members": Array [
    Object {
      "attribution": Any<Object>,
      "avatar_image": null,
      "comped": false,
      "created_at": StringMatching /\\\\d\\{4\\}-\\\\d\\{2\\}-\\\\d\\{2\\}T\\\\d\\{2\\}:\\\\d\\{2\\}:\\\\d\\{2\\}\\\\\\.000Z/,
      "email": Any<String>,
      "email_count": 0,
      "email_open_rate": null,
      "email_opened_count": 0,
      "email_suppression": Object {
        "info": null,
        "suppressed": false,
      },
      "geolocation": null,
      "id": StringMatching /\\[a-f0-9\\]\\{24\\}/,
      "labels": Any<Array>,
      "last_seen_at": null,
      "name": null,
      "newsletters": Any<Array>,
      "note": null,
      "status": "paid",
      "subscribed": true,
      "subscriptions": Any<Array>,
      "tiers": Any<Array>,
      "updated_at": StringMatching /\\\\d\\{4\\}-\\\\d\\{2\\}-\\\\d\\{2\\}T\\\\d\\{2\\}:\\\\d\\{2\\}:\\\\d\\{2\\}\\\\\\.000Z/,
      "uuid": StringMatching /\\[a-f0-9\\]\\{8\\}-\\[a-f0-9\\]\\{4\\}-\\[a-f0-9\\]\\{4\\}-\\[a-f0-9\\]\\{4\\}-\\[a-f0-9\\]\\{12\\}/,
    },
  ],
}
`;

exports[`Members API Member attribution Creates a SubscriptionCreatedEvent with tag attribution 2: [headers] 1`] = `
Object {
  "access-control-allow-origin": "http://127.0.0.1:2369",
  "cache-control": "no-cache, private, no-store, must-revalidate, max-stale=0, post-check=0, pre-check=0",
  "content-length": "3161",
  "content-type": "application/json; charset=utf-8",
  "content-version": StringMatching /v\\\\d\\+\\\\\\.\\\\d\\+/,
  "etag": StringMatching /\\(\\?:W\\\\/\\)\\?"\\(\\?:\\[ !#-\\\\x7E\\\\x80-\\\\xFF\\]\\*\\|\\\\r\\\\n\\[\\\\t \\]\\|\\\\\\\\\\.\\)\\*"/,
  "vary": "Accept-Version, Origin, Accept-Encoding",
  "x-powered-by": "Express",
}
`;

exports[`Members API Member attribution Creates a SubscriptionCreatedEvent with url attribution 1: [body] 1`] = `
Object {
  "members": Array [
    Object {
      "attribution": Any<Object>,
      "avatar_image": null,
      "comped": false,
      "created_at": StringMatching /\\\\d\\{4\\}-\\\\d\\{2\\}-\\\\d\\{2\\}T\\\\d\\{2\\}:\\\\d\\{2\\}:\\\\d\\{2\\}\\\\\\.000Z/,
      "email": Any<String>,
      "email_count": 0,
      "email_open_rate": null,
      "email_opened_count": 0,
      "email_suppression": Object {
        "info": null,
        "suppressed": false,
      },
      "geolocation": null,
      "id": StringMatching /\\[a-f0-9\\]\\{24\\}/,
      "labels": Any<Array>,
      "last_seen_at": null,
      "name": null,
      "newsletters": Any<Array>,
      "note": null,
      "status": "paid",
      "subscribed": true,
      "subscriptions": Any<Array>,
      "tiers": Any<Array>,
      "updated_at": StringMatching /\\\\d\\{4\\}-\\\\d\\{2\\}-\\\\d\\{2\\}T\\\\d\\{2\\}:\\\\d\\{2\\}:\\\\d\\{2\\}\\\\\\.000Z/,
      "uuid": StringMatching /\\[a-f0-9\\]\\{8\\}-\\[a-f0-9\\]\\{4\\}-\\[a-f0-9\\]\\{4\\}-\\[a-f0-9\\]\\{4\\}-\\[a-f0-9\\]\\{12\\}/,
    },
  ],
}
`;

exports[`Members API Member attribution Creates a SubscriptionCreatedEvent with url attribution 2: [headers] 1`] = `
Object {
  "access-control-allow-origin": "http://127.0.0.1:2369",
  "cache-control": "no-cache, private, no-store, must-revalidate, max-stale=0, post-check=0, pre-check=0",
  "content-length": "3075",
  "content-type": "application/json; charset=utf-8",
  "content-version": StringMatching /v\\\\d\\+\\\\\\.\\\\d\\+/,
  "etag": StringMatching /\\(\\?:W\\\\/\\)\\?"\\(\\?:\\[ !#-\\\\x7E\\\\x80-\\\\xFF\\]\\*\\|\\\\r\\\\n\\[\\\\t \\]\\|\\\\\\\\\\.\\)\\*"/,
  "vary": "Accept-Version, Origin, Accept-Encoding",
  "x-powered-by": "Express",
}
`;

exports[`Members API Member attribution Creates a SubscriptionCreatedEvent without attribution 1: [body] 1`] = `
Object {
  "members": Array [
    Object {
      "attribution": Any<Object>,
      "avatar_image": null,
      "comped": false,
      "created_at": StringMatching /\\\\d\\{4\\}-\\\\d\\{2\\}-\\\\d\\{2\\}T\\\\d\\{2\\}:\\\\d\\{2\\}:\\\\d\\{2\\}\\\\\\.000Z/,
      "email": Any<String>,
      "email_count": 0,
      "email_open_rate": null,
      "email_opened_count": 0,
      "email_suppression": Object {
        "info": null,
        "suppressed": false,
      },
      "geolocation": null,
      "id": StringMatching /\\[a-f0-9\\]\\{24\\}/,
      "labels": Any<Array>,
      "last_seen_at": null,
      "name": null,
      "newsletters": Any<Array>,
      "note": null,
      "status": "paid",
      "subscribed": true,
      "subscriptions": Any<Array>,
      "tiers": Any<Array>,
      "updated_at": StringMatching /\\\\d\\{4\\}-\\\\d\\{2\\}-\\\\d\\{2\\}T\\\\d\\{2\\}:\\\\d\\{2\\}:\\\\d\\{2\\}\\\\\\.000Z/,
      "uuid": StringMatching /\\[a-f0-9\\]\\{8\\}-\\[a-f0-9\\]\\{4\\}-\\[a-f0-9\\]\\{4\\}-\\[a-f0-9\\]\\{4\\}-\\[a-f0-9\\]\\{12\\}/,
    },
  ],
}
`;

exports[`Members API Member attribution Creates a SubscriptionCreatedEvent without attribution 2: [headers] 1`] = `
Object {
  "access-control-allow-origin": "http://127.0.0.1:2369",
  "cache-control": "no-cache, private, no-store, must-revalidate, max-stale=0, post-check=0, pre-check=0",
  "content-length": "3023",
  "content-type": "application/json; charset=utf-8",
  "content-version": StringMatching /v\\\\d\\+\\\\\\.\\\\d\\+/,
  "etag": StringMatching /\\(\\?:W\\\\/\\)\\?"\\(\\?:\\[ !#-\\\\x7E\\\\x80-\\\\xFF\\]\\*\\|\\\\r\\\\n\\[\\\\t \\]\\|\\\\\\\\\\.\\)\\*"/,
  "vary": "Accept-Version, Origin, Accept-Encoding",
  "x-powered-by": "Express",
}
`;

exports[`Members API Member attribution Returns subscription created attributions in activity feed 1: [body] 1`] = `
Object {
  "events": Array [
    Object {
      "data": Any<Object>,
      "type": Any<String>,
    },
    Object {
      "data": Any<Object>,
      "type": Any<String>,
    },
    Object {
      "data": Any<Object>,
      "type": Any<String>,
    },
    Object {
      "data": Any<Object>,
      "type": Any<String>,
    },
    Object {
      "data": Any<Object>,
      "type": Any<String>,
    },
    Object {
      "data": Any<Object>,
      "type": Any<String>,
    },
    Object {
      "data": Any<Object>,
      "type": Any<String>,
    },
    Object {
      "data": Any<Object>,
      "type": Any<String>,
    },
  ],
  "meta": Object {
    "pagination": Object {
      "limit": 10,
      "next": null,
      "page": null,
      "pages": 1,
      "prev": null,
      "total": 8,
    },
  },
}
`;

exports[`Members API Member attribution Returns subscription created attributions in activity feed 1: [headers] 1`] = `
Object {
  "access-control-allow-origin": "http://127.0.0.1:2369",
  "cache-control": "no-cache, private, no-store, must-revalidate, max-stale=0, post-check=0, pre-check=0",
  "content-length": "7784",
  "content-type": "application/json; charset=utf-8",
  "etag": StringMatching /\\(\\?:W\\\\/\\)\\?"\\(\\?:\\[ !#-\\\\x7E\\\\x80-\\\\xFF\\]\\*\\|\\\\r\\\\n\\[\\\\t \\]\\|\\\\\\\\\\.\\)\\*"/,
  "vary": "Origin, Accept-Encoding",
  "x-powered-by": "Express",
}
`;

exports[`Members API Member attribution Returns subscription created attributions in activity feed 2: [headers] 1`] = `
Object {
  "access-control-allow-origin": "http://127.0.0.1:2369",
  "cache-control": "no-cache, private, no-store, must-revalidate, max-stale=0, post-check=0, pre-check=0",
  "content-length": "7962",
  "content-type": "application/json; charset=utf-8",
  "content-version": StringMatching /v\\\\d\\+\\\\\\.\\\\d\\+/,
  "etag": StringMatching /\\(\\?:W\\\\/\\)\\?"\\(\\?:\\[ !#-\\\\x7E\\\\x80-\\\\xFF\\]\\*\\|\\\\r\\\\n\\[\\\\t \\]\\|\\\\\\\\\\.\\)\\*"/,
  "vary": "Accept-Version, Origin, Accept-Encoding",
  "x-powered-by": "Express",
}
`;

exports[`Members API Member attribution empty initial activity feed 1: [body] 1`] = `
Object {
  "events": Array [],
  "meta": Object {
    "pagination": Object {
      "limit": 10,
      "next": null,
      "page": null,
      "pages": 0,
      "prev": null,
      "total": 0,
    },
  },
}
`;

exports[`Members API Member attribution empty initial activity feed 2: [headers] 1`] = `
Object {
  "access-control-allow-origin": "http://127.0.0.1:2369",
  "cache-control": "no-cache, private, no-store, must-revalidate, max-stale=0, post-check=0, pre-check=0",
  "content-length": "104",
  "content-type": "application/json; charset=utf-8",
  "content-version": StringMatching /v\\\\d\\+\\\\\\.\\\\d\\+/,
  "etag": StringMatching /\\(\\?:W\\\\/\\)\\?"\\(\\?:\\[ !#-\\\\x7E\\\\x80-\\\\xFF\\]\\*\\|\\\\r\\\\n\\[\\\\t \\]\\|\\\\\\\\\\.\\)\\*"/,
  "vary": "Accept-Version, Origin, Accept-Encoding",
  "x-powered-by": "Express",
}
`;
